// Jest Snapshot v1, https://goo.gl/fbAQLP

exports[`Todolist Should render loading state 1`] = `
<h1>
  Loading
</h1>
`;

exports[`Todolist Should render result 1`] = `
<div>
  <form>
    <input
      id="add_todo"
      placeholder="add your todo"
      type="text"
      value=""
    />
    <button
      type="submit"
    >
      submit coi
    </button>
  </form>
  <div
    class="jsx-2596249455 state--normal"
  >
    8
    :
    <form
      class="jsx-2596249455"
    >
      <label
        class="jsx-2596249455 completed"
        for="todo-40d3e176-e2af-431a-b3b2-8d4b2c1cd7c4"
      >
        first list
      </label>
       |
      <input
        class="jsx-2596249455"
        id="todo-40d3e176-e2af-431a-b3b2-8d4b2c1cd7c4"
        type="text"
        value="first list"
      />
       |
    </form>
    <button
      class="jsx-2596249455"
    >
       X 
    </button>
    <button
      class="jsx-2596249455"
    >
       complete 
    </button>
  </div>
  <div
    class="jsx-2596249455 state--normal"
  >
    8
    :
    <form
      class="jsx-2596249455"
    >
      <label
        class="jsx-2596249455 completed"
        for="todo-9eeb351d-1eb7-4da8-af04-2a82593f1c04"
      >
        second list
      </label>
       |
      <input
        class="jsx-2596249455"
        id="todo-9eeb351d-1eb7-4da8-af04-2a82593f1c04"
        type="text"
        value="second list"
      />
       |
    </form>
    <button
      class="jsx-2596249455"
    >
       X 
    </button>
    <button
      class="jsx-2596249455"
    >
       complete 
    </button>
  </div>
  <div
    class="jsx-2596249455 state--normal"
  >
    8
    :
    <form
      class="jsx-2596249455"
    >
      <label
        class="jsx-2596249455 "
        for="todo-609b9753-e59d-4c73-805d-5789d1ced5e5"
      >
        third list
      </label>
       |
      <input
        class="jsx-2596249455"
        id="todo-609b9753-e59d-4c73-805d-5789d1ced5e5"
        type="text"
        value="third list"
      />
       |
    </form>
    <button
      class="jsx-2596249455"
    >
       X 
    </button>
    <button
      class="jsx-2596249455"
    >
       complete 
    </button>
  </div>
</div>
`;
